// Jest Snapshot v1, https://goo.gl/fbAQLP

exports[`Render the items from the ToolbarStore 1`] = `
<header
  class="toolbar"
>
  <nav>
    <button
      class="item"
      disabled=""
    >
      <span
        aria-hidden="true"
        class="icon fa fa-save"
      />
      <span
        class="title"
      >
        Save
      </span>
    </button>
    <button
      class="item"
    >
      <span
        aria-hidden="true"
        class="icon fa fa-delete"
      />
      <span
        class="title"
      >
        Delete
      </span>
    </button>
  </nav>
</header>
`;
