// Jest Snapshot v1, https://goo.gl/fbAQLP

exports[`The component should render with image source 1`] = `
<div
  class="selection"
/>
`;

exports[`The component should render with initial selection 1`] = `
<div
  class="selection"
>
  <div>
    <div
      class="selection"
    >
      <img
        height="360"
        src="//:0"
        width="640"
      />
      <div
        class="rectangle"
        style="left: 100px; top: 66.66666666666667px; width: 500px; height: 266.6666666666667px;"
      >
        <div
          class="resizeHandle"
        />
        <div
          class="backdrop"
          style="outline-width: 640px;"
        />
      </div>
    </div>
  </div>
</div>
`;

exports[`The component should render with minWidth and minHeight 1`] = `
<MockedImageSelection
  minHeight={300}
  minWidth={600}
  src="//:0"
  updateSpy={[Function]}
>
  <div
    className="selection"
  >
    <div>
      <MockedRectangleSelection
        minHeight={100}
        minWidth={200}
        onChange={[Function]}
        round={false}
      >
        <div
          className="selection"
        >
          <img
            height={360}
            src="//:0"
            width={640}
          />
          <ModifiableRectangle
            backdropSize={640}
            height={320}
            left={0}
            onChange={[Function]}
            onDoubleClick={[Function]}
            top={20}
            width={640}
          >
            <div
              className="rectangle"
              onDoubleClick={[Function]}
              onMouseDown={[Function]}
              style={
                Object {
                  "height": "320px",
                  "left": "0px",
                  "top": "20px",
                  "width": "640px",
                }
              }
            >
              <div
                className="resizeHandle"
                onMouseDown={[Function]}
              />
              <div
                className="backdrop"
                style={
                  Object {
                    "outlineWidth": "640px",
                  }
                }
              />
            </div>
          </ModifiableRectangle>
        </div>
      </MockedRectangleSelection>
    </div>
  </div>
</MockedImageSelection>
`;
