// Jest Snapshot v1, https://goo.gl/fbAQLP

exports[`The modal should be rendered when the button got clicked 1`] = `
"<div>
  <div data-reactroot=\\"\\" class=\\"container isDown\\">
    <div class=\\"box\\">
      <div class=\\"box\\">
        <div class=\\"header\\">
          <!-- react-text: 5 -->My modal title
          <!-- /react-text --><span class=\\"icon fa fa-times\\" aria-hidden=\\"true\\"></span></div>
        <div class=\\"content\\">
          <p>My modal content</p>
        </div>
        <div class=\\"footer\\">
          <button class=\\"confirmButton\\">Apply</button>
        </div>
      </div>
    </div>
    <div class=\\"backdrop isVisible\\"></div>
  </div>
</div>"
`;

exports[`The modal should initially not be rendered 1`] = `
<div>
  <button>
    Open modal
  </button>
  <div>
    
  </div>
</div>
`;
