// Jest Snapshot v1, https://goo.gl/fbAQLP

exports[`The component should render 1`] = `
<section
  class="box"
>
  <header>
    My title
    <span
      aria-hidden="true"
      class="icon fa fa-times"
    />
  </header>
  <article>
    <p>
      My modal content
    </p>
  </article>
  <footer>
    <div
      class="actions"
    >
      <button
        class="action"
      >
        Action 1
      </button>
      <button
        class="action"
      >
        Action 2
      </button>
    </div>
    <button
      class="confirmButton"
    >
      Alright mate!
    </button>
  </footer>
</section>
`;
